<dataset>
    <item id="1" count="2" description="Test" is_moderate_accept="false" is_moderated="false"
          pretendent_to_be_deleted="false"  name="Test" price="200.00" rating="0"/>
</dataset>