<dataset>
    <item id="1" count="2" description="Test" is_moderate_accept="false" is_moderated="false"
          pretendent_to_be_deleted="false" moderated_reject_reason="1" name="TestTest" price="2000.00" rating="0"/>
</dataset>