<dataset>
    <discount id="3" min_order="100" fixed_discount="10" percentage="10" shop_id="1" user_id="1"/>
</dataset>