<dataset>
<shop
      name="shop_test"
      email="mail@test.r"
      phone="88855535355"
      description="desc_test"
      count="0"
      rating="1"
      is_moderated="0"
      is_moderate_accept="0"
      moderated_reject_reason="null"
      activity="1"
      is_pretendent_to_be_deleted="0"
      user_id="8"
/>
</dataset>