<dataset>
    <cart_items id="2" quantity="2" item_id="2" shop_id="1" user_id="6" />
    <cart_items id="3" quantity="2" item_id="3" shop_id="1" user_id="6" />
    <cart_items id="4" quantity="2" item_id="4" shop_id="2" user_id="7" />
    <cart_items id="5" quantity="2" item_id="5" shop_id="2" user_id="7" />
    <cart_items id="6" quantity="2" item_id="6" shop_id="2" user_id="7" />
</dataset>